// Jest Snapshot v1, https://goo.gl/fbAQLP

exports[`Header component renders the Header to the page 1`] = `
<DocumentFragment>
  <header
    class="dark"
  >
    <div>
      <img
        src="src/components/header/Webp.net-resizeimage.png"
      />
    </div>
    <div>
      <a
        href="/"
      >
        HOME
      </a>
    </div>
    <div>
      <label>
        Toggle for dark or light layout
      </label>
      <button
        data-testid="button"
      >
        dark
      </button>
    </div>
    <div>
      <h1>
        RICK AND MORTY
      </h1>
    </div>
  </header>
</DocumentFragment>
`;
